Copyright 1986-1999, 2001-2013 Xilinx, Inc. All Rights Reserved.
--------------------------------------------------------------------------------------------
| Tool Version : Vivado v.2013.3 (lin64) Build 329390 Wed Oct 16 18:26:55 MDT 2013
| Date         : Tue Jun 24 10:28:47 2014
| Host         : polarbox1 running 64-bit Ubuntu 14.04 LTS
| Command      : report_clock_utilization -file red_pitaya_top_clock_utilization_placed.rpt
| Design       : red_pitaya_top
| Device       : xc7z010
--------------------------------------------------------------------------------------------

Clock Utilization Report

Table of Contents
-----------------
1. Clock Primitive Utilization
2. Details of Global Clocks
3. Details of Regional Clocks
4. Details of Multi-Regional Clocks
5. Details of I/O Clocks
6. Details of Local Clocks
7. Clock Regions : Key Resource Utilization
8. Net wise resources used in clock region X0Y0
9. Net wise resources used in clock region X1Y0
10. Net wise resources used in clock region X0Y1
11. Net wise resources used in clock region X1Y1

1. Clock Primitive Utilization
------------------------------

+-------+------+-----------+------------+
| Type  | Used | Available | Num Locked |
+-------+------+-----------+------------+
| BUFG  |    8 |        32 |          0 |
| BUFH  |    0 |        48 |          0 |
| BUFIO |    1 |         8 |          1 |
| MMCM  |    0 |         2 |          0 |
| BUFR  |    1 |         8 |          0 |
| BUFMR |    0 |         4 |          0 |
+-------+------+-----------+------------+


2. Details of Global Clocks
---------------------------

+-------+------------------------------------------------------------------------------------+------------------------------------------------------------+--------------+--------+---------------+-----------+
|       |                                                                                    |                                                            |   Num Loads  |        |               |           |
+-------+------------------------------------------------------------------------------------+------------------------------------------------------------+------+-------+--------+---------------+-----------+
| Index | BUFG Cell                                                                          | Net Name                                                   | BELs | Sites | Locked | MaxDelay (ns) | Skew (ns) |
+-------+------------------------------------------------------------------------------------+------------------------------------------------------------+------+-------+--------+---------------+-----------+
|     1 | i_analog/i_dac2ph_buf                                                              | i_analog/dac_2ph                                           |    1 |     1 |     no |         2.125 |     0.106 |
|     2 | i_analog/i_dacfb_buf                                                               | i_analog/dac_clk_fb_buf                                    |    1 |     1 |     no |         1.754 |     0.088 |
|     3 | i_analog/i_ser_buf                                                                 | i_analog/ser_clk_o                                         |    2 |     2 |     no |         2.150 |     0.121 |
|     4 | i_analog/i_dac1_buf                                                                | i_analog/dac_clk                                           |   45 |    24 |     no |         2.132 |     0.461 |
|     5 | i_daisy/i_rx/i_parclk_buf                                                          | i_daisy/i_rx/par_clk_o                                     |   98 |    24 |     no |         1.870 |     0.195 |
|     6 | i_analog/i_dac2_buf                                                                | i_analog/dac_2clk                                          |  157 |    46 |     no |         2.151 |     0.490 |
|     7 | i_ps/system_i/system_i/processing_system7_0/inst/buffer_fclk_clk_0.FCLK_CLK_0_BUFG | i_ps/system_i/system_i/processing_system7_0/inst/FCLK_CLK0 |  720 |   252 |     no |         1.888 |     0.227 |
|     8 | i_analog/i_adc_buf                                                                 | i_analog/adc_clk_o                                         | 2791 |   989 |     no |         2.492 |     0.932 |
+-------+------------------------------------------------------------------------------------+------------------------------------------------------------+------+-------+--------+---------------+-----------+


3. Details of Regional Clocks
-----------------------------

+-------+-------------------------+----------------------+--------------+--------+---------------+-----------+
|       |                         |                      |   Num Loads  |        |               |           |
+-------+-------------------------+----------------------+------+-------+--------+---------------+-----------+
| Index | BUFR Cell               | Net Name             | BELs | Sites | Locked | MaxDelay (ns) | Skew (ns) |
+-------+-------------------------+----------------------+------+-------+--------+---------------+-----------+
|     1 | i_daisy/i_rx/i_BUFR_clk | i_daisy/i_rx/par_clk |   80 |    29 |     no |         1.049 |     0.778 |
+-------+-------------------------+----------------------+------+-------+--------+---------------+-----------+


4. Details of Multi-Regional Clocks
-----------------------------------

5. Details of I/O Clocks
------------------------

+-------+--------------------------+----------------------+--------------+--------+---------------+-----------+
|       |                          |                      |   Num Loads  |        |               |           |
+-------+--------------------------+----------------------+------+-------+--------+---------------+-----------+
| Index | BUFIO Cell               | Net Name             | BELs | Sites | Locked | MaxDelay (ns) | Skew (ns) |
+-------+--------------------------+----------------------+------+-------+--------+---------------+-----------+
|     1 | i_daisy/i_rx/i_BUFIO_clk | i_daisy/i_rx/ser_clk |    1 |     2 |  yes   |         0.336 |     0.017 |
+-------+--------------------------+----------------------+------+-------+--------+---------------+-----------+


6. Details of Local Clocks
--------------------------

+-------+------------------------+----------------------------+--------------+--------+---------------+-----------+
|       |                        |                            |   Num Loads  |        |               |           |
+-------+------------------------+----------------------------+------+-------+--------+---------------+-----------+
| Index | Local Clk Src          | Net Name                   | BELs | Sites | Locked | MaxDelay (ns) | Skew (ns) |
+-------+------------------------+----------------------------+------+-------+--------+---------------+-----------+
|     1 | i_hk/dna_clk_reg       | i_hk/dna_clk               |    1 |     1 |     no |         1.088 |     0.054 |
|     2 | i_daisy/txp_dv_reg_i_2 | i_daisy/n_0_txp_dv_reg_i_2 |   17 |     7 |     no |         0.906 |     0.372 |
+-------+------------------------+----------------------------+------+-------+--------+---------------+-----------+


7. Clock Regions : Key Resource Utilization
-------------------------------------------

+-------------------+--------------+--------------+--------------+--------------+--------------+--------------+--------------+--------------+--------------+--------------+--------------+--------------+--------------+--------------+--------------+
|                   | Global Clock |     BUFRs    |    BUFMRs    |    BUFIOs    |     MMCM     |      PLL     |      GT      |      PCI     |    ILOGIC    |    OLOGIC    |      FF      |     LUTM     |    RAMB18    |    RAMB36    |    DSP48E1   |
+-------------------+------+-------+------+-------+------+-------+------+-------+------+-------+------+-------+------+-------+------+-------+------+-------+------+-------+------+-------+------+-------+------+-------+------+-------+------+-------+
| Clock Region Name | Used | Avail | Used | Avail | Used | Avail | Used | Avail | Used | Avail | Used | Avail | Used | Avail | Used | Avail | Used | Avail | Used | Avail | Used | Avail | Used | Avail | Used | Avail | Used | Avail | Used | Avail |
+-------------------+------+-------+------+-------+------+-------+------+-------+------+-------+------+-------+------+-------+------+-------+------+-------+------+-------+------+-------+------+-------+------+-------+------+-------+------+-------+
| X0Y0              |    3 |    12 |    0 |     0 |    0 |     0 |    0 |     0 |    0 |     0 |    0 |     0 |    0 |     0 |    0 |     0 |    0 |     0 |    0 |     0 | 1340 |  8800 |   15 |  1600 |    0 |    40 |    9 |    10 |    6 |    20 |
| X1Y0              |    6 |    12 |    1 |     4 |    0 |     2 |    1 |     4 |    0 |     1 |    1 |     1 |    0 |     0 |    0 |     0 |   29 |    50 |    6 |    50 | 1247 |  8800 |    0 |  1400 |    0 |    80 |   11 |    20 |   16 |    20 |
| X0Y1              |    4 |    12 |    0 |     0 |    0 |     0 |    0 |     0 |    0 |     0 |    0 |     0 |    0 |     0 |    0 |     0 |    0 |     0 |    0 |     0 |  713 |  8800 |    2 |  1600 |    0 |    36 |    4 |     9 |    0 |    20 |
| X1Y1              |    5 |    12 |    0 |     4 |    0 |     2 |    0 |     4 |    0 |     1 |    0 |     1 |    0 |     0 |    0 |     0 |    0 |    50 |   18 |    50 |  480 |  8800 |    0 |  1400 |    0 |    72 |    4 |    18 |    6 |    20 |
+-------------------+------+-------+------+-------+------+-------+------+-------+------+-------+------+-------+------+-------+------+-------+------+-------+------+-------+------+-------+------+-------+------+-------+------+-------+------+-------+
* RAMB36 site can be used as two RAMB18/FIFO18 sites


8. Net wise resources used in clock region X0Y0
-----------------------------------------------

+-------------+--------+-----------+-----------+---------+---------+-----+-------+----------+------+------------------------------------------------------------+
| Source Type | Locked | MMCM Pins | BRAM Pins | ILOGICs | OLOGICs | FFs | LUTMs | DSP48E1s | PLLs |                                             Clock Net Name |
+-------------+--------+-----------+-----------+---------+---------+-----+-------+----------+------+------------------------------------------------------------+
| BUFG        |   no   |         0 |         0 |       0 |       0 |  20 |     0 |        0 |    0 | i_daisy/i_rx/par_clk_o                                     |
| BUFG        |   no   |         0 |         0 |       0 |       0 | 401 |     0 |        0 |    0 | i_ps/system_i/system_i/processing_system7_0/inst/FCLK_CLK0 |
| BUFG        |   no   |         0 |        18 |       0 |       0 | 919 |    15 |        6 |    0 | i_analog/adc_clk_o                                         |
+-------------+--------+-----------+-----------+---------+---------+-----+-------+----------+------+------------------------------------------------------------+


9. Net wise resources used in clock region X1Y0
-----------------------------------------------

+-------------+--------+-----------+-----------+---------+---------+------+-------+----------+------+------------------------------------------------------------+
| Source Type | Locked | MMCM Pins | BRAM Pins | ILOGICs | OLOGICs |  FFs | LUTMs | DSP48E1s | PLLs |                                             Clock Net Name |
+-------------+--------+-----------+-----------+---------+---------+------+-------+----------+------+------------------------------------------------------------+
| BUFG        |   no   |         0 |         0 |       0 |       4 |    0 |     0 |        0 |    0 | i_analog/dac_2clk                                          |
| BUFG        |   no   |         0 |         0 |       0 |       2 |    0 |     0 |        0 |    0 | i_analog/ser_clk_o                                         |
| BUFG        |   no   |         0 |         0 |       0 |       0 |    0 |     0 |        0 |    1 | i_analog/dac_clk_fb_buf                                    |
| BUFIO       |   yes  |         0 |         0 |       2 |       0 |    0 |     0 |        0 |    0 | i_daisy/i_rx/ser_clk                                       |
| BUFG        |   no   |         0 |         0 |       0 |       0 |    1 |     0 |        0 |    0 | i_analog/dac_clk                                           |
| BUFG        |   no   |         0 |         0 |       0 |       0 |   73 |     0 |        0 |    0 | i_ps/system_i/system_i/processing_system7_0/inst/FCLK_CLK0 |
| BUFR        |   no   |         0 |         0 |       1 |       0 |   78 |     0 |        0 |    0 | i_daisy/i_rx/par_clk                                       |
| BUFG        |   no   |         0 |        22 |      28 |       1 | 1095 |     0 |       16 |    1 | i_analog/adc_clk_o                                         |
+-------------+--------+-----------+-----------+---------+---------+------+-------+----------+------+------------------------------------------------------------+


10. Net wise resources used in clock region X0Y1
------------------------------------------------

+-------------+--------+-----------+-----------+---------+---------+-----+-------+----------+------+------------------------------------------------------------+
| Source Type | Locked | MMCM Pins | BRAM Pins | ILOGICs | OLOGICs | FFs | LUTMs | DSP48E1s | PLLs |                                             Clock Net Name |
+-------------+--------+-----------+-----------+---------+---------+-----+-------+----------+------+------------------------------------------------------------+
| BUFG        |   no   |         0 |         0 |       0 |       0 |  46 |     0 |        0 |    0 | i_analog/dac_2clk                                          |
| BUFG        |   no   |         0 |         0 |       0 |       0 |  78 |     0 |        0 |    0 | i_daisy/i_rx/par_clk_o                                     |
| BUFG        |   no   |         0 |         0 |       0 |       0 | 123 |     0 |        0 |    0 | i_ps/system_i/system_i/processing_system7_0/inst/FCLK_CLK0 |
| BUFG        |   no   |         0 |         8 |       0 |       0 | 449 |     2 |        0 |    0 | i_analog/adc_clk_o                                         |
+-------------+--------+-----------+-----------+---------+---------+-----+-------+----------+------+------------------------------------------------------------+


11. Net wise resources used in clock region X1Y1
------------------------------------------------

+-------------+--------+-----------+-----------+---------+---------+-----+-------+----------+------+------------------------------------------------------------+
| Source Type | Locked | MMCM Pins | BRAM Pins | ILOGICs | OLOGICs | FFs | LUTMs | DSP48E1s | PLLs |                                             Clock Net Name |
+-------------+--------+-----------+-----------+---------+---------+-----+-------+----------+------+------------------------------------------------------------+
| BUFG        |   no   |         0 |         0 |       0 |       1 |   0 |     0 |        0 |    0 | i_analog/dac_2ph                                           |
| BUFG        |   no   |         0 |         0 |       0 |      16 |  28 |     0 |        0 |    0 | i_analog/dac_clk                                           |
| BUFG        |   no   |         0 |         0 |       0 |       1 | 106 |     0 |        0 |    0 | i_analog/dac_2clk                                          |
| BUFG        |   no   |         0 |         0 |       0 |       0 | 122 |     0 |        0 |    0 | i_ps/system_i/system_i/processing_system7_0/inst/FCLK_CLK0 |
| BUFG        |   no   |         0 |         8 |       0 |       0 | 224 |     0 |        6 |    0 | i_analog/adc_clk_o                                         |
+-------------+--------+-----------+-----------+---------+---------+-----+-------+----------+------+------------------------------------------------------------+



# Location of BUFG Primitives 
set_property LOC BUFGCTRL_X0Y5 [get_cells i_analog/i_dac2ph_buf]
set_property LOC BUFGCTRL_X0Y7 [get_cells i_analog/i_dacfb_buf]
set_property LOC BUFGCTRL_X0Y4 [get_cells i_analog/i_ser_buf]
set_property LOC BUFGCTRL_X0Y3 [get_cells i_analog/i_dac1_buf]
set_property LOC BUFGCTRL_X0Y6 [get_cells i_daisy/i_rx/i_parclk_buf]
set_property LOC BUFGCTRL_X0Y2 [get_cells i_analog/i_dac2_buf]
set_property LOC BUFGCTRL_X0Y1 [get_cells i_ps/system_i/system_i/processing_system7_0/inst/buffer_fclk_clk_0.FCLK_CLK_0_BUFG]
set_property LOC BUFGCTRL_X0Y0 [get_cells i_analog/i_adc_buf]

# Location of IO Clock Primitives
set_property LOC BUFIO_X0Y1 [get_cells i_daisy/i_rx/i_BUFIO_clk]

# Location of MMCM Clock Primitives

# Location of BUFH Clock Primitives

# Location of BUFR Clock Primitives
set_property LOC BUFR_X0Y1 [get_cells i_daisy/i_rx/i_BUFR_clk]

# Location of BUFMR Clock Primitives

# Location of PLL Clock Primitives
set_property LOC PLLE2_ADV_X0Y0 [get_cells i_analog/i_dac_plle2]

# Location of IO Primitives which is load of clock spine

# Location of clock ports
set_property LOC IOB_X0Y25 [get_ports adc_clk_n_i]
set_property LOC IOB_X0Y26 [get_ports adc_clk_p_i]
set_property LOC IOB_X0Y23 [get_ports daisy_n_i[1]]
set_property LOC IOB_X0Y24 [get_ports daisy_p_i[1]]

# Clock net "i_analog/adc_clk_o" driven by instance "i_analog/i_adc_buf" located at site "BUFGCTRL_X0Y0"
#startgroup
create_pblock CLKAG_i_analog/adc_clk_o
add_cells_to_pblock [get_pblocks  CLKAG_i_analog/adc_clk_o] [get_cells  -filter { IS_PRIMITIVE==1 && PRIMITIVE_LEVEL !=INTERNAL } -of_object [get_pins -filter {DIRECTION==IN} -of_objects [get_nets -hierarchical -filter {PARENT=="i_analog/adc_clk_o"}]]]
resize_pblock [get_pblocks CLKAG_i_analog/adc_clk_o] -add {CLOCKREGION_X0Y0:CLOCKREGION_X0Y0 CLOCKREGION_X0Y1:CLOCKREGION_X0Y1 CLOCKREGION_X1Y0:CLOCKREGION_X1Y0 CLOCKREGION_X1Y1:CLOCKREGION_X1Y1}
#endgroup

# Clock net "i_analog/dac_clk" driven by instance "i_analog/i_dac1_buf" located at site "BUFGCTRL_X0Y3"
#startgroup
create_pblock CLKAG_i_analog/dac_clk
add_cells_to_pblock [get_pblocks  CLKAG_i_analog/dac_clk] [get_cells  -filter { IS_PRIMITIVE==1 && PRIMITIVE_LEVEL !=INTERNAL } -of_object [get_pins -filter {DIRECTION==IN} -of_objects [get_nets -hierarchical -filter {PARENT=="i_analog/dac_clk"}]]]
resize_pblock [get_pblocks CLKAG_i_analog/dac_clk] -add {CLOCKREGION_X0Y0:CLOCKREGION_X0Y0 CLOCKREGION_X0Y1:CLOCKREGION_X0Y1 CLOCKREGION_X1Y0:CLOCKREGION_X1Y0 CLOCKREGION_X1Y1:CLOCKREGION_X1Y1}
#endgroup

# Clock net "i_analog/dac_2clk" driven by instance "i_analog/i_dac2_buf" located at site "BUFGCTRL_X0Y2"
#startgroup
create_pblock CLKAG_i_analog/dac_2clk
add_cells_to_pblock [get_pblocks  CLKAG_i_analog/dac_2clk] [get_cells  -filter { IS_PRIMITIVE==1 && PRIMITIVE_LEVEL !=INTERNAL } -of_object [get_pins -filter {DIRECTION==IN} -of_objects [get_nets -hierarchical -filter {PARENT=="i_analog/dac_2clk"}]]]
resize_pblock [get_pblocks CLKAG_i_analog/dac_2clk] -add {CLOCKREGION_X0Y0:CLOCKREGION_X0Y0 CLOCKREGION_X0Y1:CLOCKREGION_X0Y1 CLOCKREGION_X1Y0:CLOCKREGION_X1Y0 CLOCKREGION_X1Y1:CLOCKREGION_X1Y1}
#endgroup

# Clock net "i_analog/dac_2ph" driven by instance "i_analog/i_dac2ph_buf" located at site "BUFGCTRL_X0Y5"
#startgroup
create_pblock CLKAG_i_analog/dac_2ph
add_cells_to_pblock [get_pblocks  CLKAG_i_analog/dac_2ph] [get_cells  -filter { IS_PRIMITIVE==1 && PRIMITIVE_LEVEL !=INTERNAL } -of_object [get_pins -filter {DIRECTION==IN} -of_objects [get_nets -hierarchical -filter {PARENT=="i_analog/dac_2ph"}]]]
resize_pblock [get_pblocks CLKAG_i_analog/dac_2ph] -add {CLOCKREGION_X0Y0:CLOCKREGION_X0Y0 CLOCKREGION_X0Y1:CLOCKREGION_X0Y1 CLOCKREGION_X1Y0:CLOCKREGION_X1Y0 CLOCKREGION_X1Y1:CLOCKREGION_X1Y1}
#endgroup

# Clock net "i_analog/dac_clk_fb_buf" driven by instance "i_analog/i_dacfb_buf" located at site "BUFGCTRL_X0Y7"
#startgroup
create_pblock CLKAG_i_analog/dac_clk_fb_buf
add_cells_to_pblock [get_pblocks  CLKAG_i_analog/dac_clk_fb_buf] [get_cells  -filter { IS_PRIMITIVE==1 && PRIMITIVE_LEVEL !=INTERNAL } -of_object [get_pins -filter {DIRECTION==IN} -of_objects [get_nets -hierarchical -filter {PARENT=="i_analog/dac_clk_fb_buf"}]]]
resize_pblock [get_pblocks CLKAG_i_analog/dac_clk_fb_buf] -add {CLOCKREGION_X0Y0:CLOCKREGION_X0Y0 CLOCKREGION_X0Y1:CLOCKREGION_X0Y1 CLOCKREGION_X1Y0:CLOCKREGION_X1Y0 CLOCKREGION_X1Y1:CLOCKREGION_X1Y1}
#endgroup

# Clock net "i_analog/ser_clk_o" driven by instance "i_analog/i_ser_buf" located at site "BUFGCTRL_X0Y4"
#startgroup
create_pblock CLKAG_i_analog/ser_clk_o
add_cells_to_pblock [get_pblocks  CLKAG_i_analog/ser_clk_o] [get_cells  -filter { IS_PRIMITIVE==1 && PRIMITIVE_LEVEL !=INTERNAL } -of_object [get_pins -filter {DIRECTION==IN} -of_objects [get_nets -hierarchical -filter {PARENT=="i_analog/ser_clk_o"}]]]
resize_pblock [get_pblocks CLKAG_i_analog/ser_clk_o] -add {CLOCKREGION_X0Y0:CLOCKREGION_X0Y0 CLOCKREGION_X0Y1:CLOCKREGION_X0Y1 CLOCKREGION_X1Y0:CLOCKREGION_X1Y0 CLOCKREGION_X1Y1:CLOCKREGION_X1Y1}
#endgroup

# Clock net "i_daisy/i_rx/par_clk_o" driven by instance "i_daisy/i_rx/i_parclk_buf" located at site "BUFGCTRL_X0Y6"
#startgroup
create_pblock CLKAG_i_daisy/i_rx/par_clk_o
add_cells_to_pblock [get_pblocks  CLKAG_i_daisy/i_rx/par_clk_o] [get_cells  -filter { IS_PRIMITIVE==1 && PRIMITIVE_LEVEL !=INTERNAL } -of_object [get_pins -filter {DIRECTION==IN} -of_objects [get_nets -hierarchical -filter {PARENT=="i_daisy/i_rx/par_clk_o"}]]]
resize_pblock [get_pblocks CLKAG_i_daisy/i_rx/par_clk_o] -add {CLOCKREGION_X0Y0:CLOCKREGION_X0Y0 CLOCKREGION_X0Y1:CLOCKREGION_X0Y1 CLOCKREGION_X1Y0:CLOCKREGION_X1Y0 CLOCKREGION_X1Y1:CLOCKREGION_X1Y1}
#endgroup

# Clock net "i_ps/system_i/system_i/processing_system7_0/inst/FCLK_CLK0" driven by instance "i_ps/system_i/system_i/processing_system7_0/inst/buffer_fclk_clk_0.FCLK_CLK_0_BUFG" located at site "BUFGCTRL_X0Y1"
#startgroup
create_pblock CLKAG_i_ps/system_i/system_i/processing_system7_0/inst/FCLK_CLK0
add_cells_to_pblock [get_pblocks  CLKAG_i_ps/system_i/system_i/processing_system7_0/inst/FCLK_CLK0] [get_cells  -filter { IS_PRIMITIVE==1 && PRIMITIVE_LEVEL !=INTERNAL } -of_object [get_pins -filter {DIRECTION==IN} -of_objects [get_nets -hierarchical -filter {PARENT=="i_ps/system_i/system_i/processing_system7_0/inst/FCLK_CLK0"}]]]
resize_pblock [get_pblocks CLKAG_i_ps/system_i/system_i/processing_system7_0/inst/FCLK_CLK0] -add {CLOCKREGION_X0Y0:CLOCKREGION_X0Y0 CLOCKREGION_X0Y1:CLOCKREGION_X0Y1 CLOCKREGION_X1Y0:CLOCKREGION_X1Y0 CLOCKREGION_X1Y1:CLOCKREGION_X1Y1}
#endgroup

# Clock net "i_daisy/i_rx/par_clk" driven by instance "i_daisy/i_rx/i_BUFR_clk" located at site "BUFR_X0Y1"
#startgroup
create_pblock CLKAG_i_daisy/i_rx/par_clk
add_cells_to_pblock [get_pblocks  CLKAG_i_daisy/i_rx/par_clk] [get_cells  -filter { IS_PRIMITIVE==1 && PRIMITIVE_LEVEL !=INTERNAL && NAME!=i_daisy/i_rx/i_parclk_buf} -of_object [get_pins -filter {DIRECTION==IN} -of_objects [get_nets -hierarchical -filter {PARENT=="i_daisy/i_rx/par_clk"}]]]
resize_pblock [get_pblocks CLKAG_i_daisy/i_rx/par_clk] -add {CLOCKREGION_X1Y0:CLOCKREGION_X1Y0}
#endgroup

# Clock net "i_analog/dac_locked" driven by instance "i_analog/i_dac_plle2" located at site "PLLE2_ADV_X0Y0"
#startgroup
create_pblock CLKAG_i_analog/dac_locked
add_cells_to_pblock [get_pblocks  CLKAG_i_analog/dac_locked] [get_cells  -filter { IS_PRIMITIVE==1 && PRIMITIVE_LEVEL !=INTERNAL } -of_object [get_pins -filter {DIRECTION==IN} -of_objects [get_nets -hierarchical -filter {PARENT=="i_analog/dac_locked"}]]]
resize_pblock [get_pblocks CLKAG_i_analog/dac_locked] -add {CLOCKREGION_X0Y0:CLOCKREGION_X0Y0 CLOCKREGION_X0Y1:CLOCKREGION_X0Y1 CLOCKREGION_X1Y0:CLOCKREGION_X1Y0 CLOCKREGION_X1Y1:CLOCKREGION_X1Y1}
#endgroup

# Clock net "i_hk/dna_clk" driven by instance "i_hk/dna_clk_reg" located at site "SLICE_X14Y43"
#startgroup
create_pblock CLKAG_i_hk/dna_clk
add_cells_to_pblock [get_pblocks  CLKAG_i_hk/dna_clk] [get_cells  -filter { IS_PRIMITIVE==1 && PRIMITIVE_LEVEL !=INTERNAL } -of_object [get_pins -filter {DIRECTION==IN} -of_objects [get_nets -hierarchical -filter {PARENT=="i_hk/dna_clk"}]]]
resize_pblock [get_pblocks CLKAG_i_hk/dna_clk] -add {CLOCKREGION_X0Y0:CLOCKREGION_X0Y0 CLOCKREGION_X0Y1:CLOCKREGION_X0Y1 CLOCKREGION_X1Y0:CLOCKREGION_X1Y0 CLOCKREGION_X1Y1:CLOCKREGION_X1Y1}
#endgroup

# Clock net "i_daisy/n_0_txp_dv_reg_i_2" driven by instance "i_daisy/txp_dv_reg_i_2" located at site "SLICE_X9Y55"
#startgroup
create_pblock CLKAG_i_daisy/n_0_txp_dv_reg_i_2
add_cells_to_pblock [get_pblocks  CLKAG_i_daisy/n_0_txp_dv_reg_i_2] [get_cells  -filter { IS_PRIMITIVE==1 && PRIMITIVE_LEVEL !=INTERNAL } -of_object [get_pins -filter {DIRECTION==IN} -of_objects [get_nets -hierarchical -filter {PARENT=="i_daisy/n_0_txp_dv_reg_i_2"}]]]
resize_pblock [get_pblocks CLKAG_i_daisy/n_0_txp_dv_reg_i_2] -add {CLOCKREGION_X0Y0:CLOCKREGION_X0Y0 CLOCKREGION_X0Y1:CLOCKREGION_X0Y1 CLOCKREGION_X1Y0:CLOCKREGION_X1Y0 CLOCKREGION_X1Y1:CLOCKREGION_X1Y1}
#endgroup
