Copyright 1986-1999, 2001-2013 Xilinx, Inc. All Rights Reserved.
-------------------------------------------------------------------------------------------------------------------------
| Tool Version : Vivado v.2013.3 (lin64) Build 329390 Wed Oct 16 18:26:55 MDT 2013
| Date         : Tue Jun 24 10:28:47 2014
| Host         : polarbox1 running 64-bit Ubuntu 14.04 LTS
| Command      : report_utilization -file red_pitaya_top_utilization_placed.rpt -pb red_pitaya_top_utilization_placed.pb
| Design       : red_pitaya_top
| Device       : xc7z010
| Design State : Fully Placed
-------------------------------------------------------------------------------------------------------------------------

Utilization Design Information

Table of Contents
-----------------
1. Slice Logic
2. Slice Logic Distribution
3. Memory
4. DSP
5. IO and GTX Specific
6. Clocking
7. Specific Feature
8. Primitives
9. Black Boxes
10. Instantiated Netlists

1. Slice Logic
--------------

+----------------------------+------+-------+-----------+-------+
|          Site Type         | Used | Loced | Available | Util% |
+----------------------------+------+-------+-----------+-------+
| Slice LUTs                 | 3431 |     0 |     17600 | 19.49 |
|   LUT as Logic             | 3420 |     0 |     17600 | 19.43 |
|   LUT as Memory            |   11 |     0 |      6000 |  0.18 |
|     LUT as Distributed RAM |    0 |     0 |           |       |
|     LUT as Shift Register  |   11 |     0 |           |       |
| Slice Registers            | 3780 |     0 |     35200 | 10.73 |
|   Register as Flip Flop    | 3763 |     0 |     35200 | 10.69 |
|   Register as Latch        |   17 |     0 |     35200 |  0.04 |
| F7 Muxes                   |   20 |     0 |      8800 |  0.22 |
| F8 Muxes                   |    1 |     0 |      4400 |  0.02 |
+----------------------------+------+-------+-----------+-------+


2. Slice Logic Distribution
---------------------------

+-------------------------------------------------------------+-----------+-------+-----------+-------+
|                          Site Type                          |    Used   | Loced | Available | Util% |
+-------------------------------------------------------------+-----------+-------+-----------+-------+
| Slice                                                       |      1412 |     0 |      4400 | 32.09 |
| LUT as Logic                                                |      3420 |     0 |     17600 | 19.43 |
|   using O5 output only                                      |         0 |       |           |       |
|   using O6 output only                                      |      2847 |       |           |       |
|   using O5 and O6                                           |       573 |       |           |       |
| LUT as Memory                                               |        11 |     0 |      6000 |  0.18 |
|   LUT as Distributed RAM                                    |         0 |     0 |           |       |
|   LUT as Shift Register                                     |        11 |     0 |           |       |
|     using O5 output only                                    |         2 |       |           |       |
|     using O6 output only                                    |         3 |       |           |       |
|     using O5 and O6                                         |         6 |       |           |       |
| LUT Flip Flop Pairs                                         |      4447 |     0 |     17600 | 25.26 |
|   fully used LUT-FF pairs                                   |      2204 |       |           |       |
|   LUT-FF pairs with unused LUT                              |      1018 |       |           |       |
|   LUT-FF pairs with unused Flip Flop                        |      1225 |       |           |       |
| Unique Control Sets                                         |       139 |       |           |       |
| Minimum number of registers lost to control set restriction | 396(Lost) |       |           |       |
+-------------------------------------------------------------+-----------+-------+-----------+-------+


3. Memory
---------

+-------------------+------+-------+-----------+-------+
|     Site Type     | Used | Loced | Available | Util% |
+-------------------+------+-------+-----------+-------+
| Block RAM Tile    |   28 |     0 |        60 | 46.66 |
|   RAMB36/FIFO*    |   28 |     0 |        60 | 46.66 |
|     RAMB36E1 only |   28 |       |           |       |
|   RAMB18          |    0 |     0 |       120 |  0.00 |
+-------------------+------+-------+-----------+-------+
* Note: Each Block RAM Tile only has one FIFO logic available and therefore can accommodate only one FIFO36E1 or one FIFO18E1. However, if a FIFO18E1 occupies a Block RAM Tile, that tile can still accommodate a RAMB18E1


4. DSP
------

+----------------+------+-------+-----------+-------+
|    Site Type   | Used | Loced | Available | Util% |
+----------------+------+-------+-----------+-------+
| DSPs           |   28 |     0 |        80 | 35.00 |
|   DSP48E1 only |   28 |       |           |       |
+----------------+------+-------+-----------+-------+


5. IO and GTX Specific
----------------------

+-----------------------------+------+-------+-----------+--------+
|          Site Type          | Used | Loced | Available |  Util% |
+-----------------------------+------+-------+-----------+--------+
| Bonded IOB                  |   95 |    95 |       100 |  95.00 |
|   IOB Master Pads           |   45 |       |           |        |
|   IOB Slave Pads            |   46 |       |           |        |
|   IOB Flip Flops            |   32 |    32 |           |        |
| Bonded IPADs                |    2 |     2 |         2 | 100.00 |
| Bonded IOPADs               |    0 |     0 |       130 |   0.00 |
| IBUFGDS                     |    0 |     0 |        96 |   0.00 |
| IDELAYCTRL                  |    0 |     0 |         2 |   0.00 |
| IN_FIFO                     |    0 |     0 |         8 |   0.00 |
| OUT_FIFO                    |    0 |     0 |         8 |   0.00 |
| PHASER_REF                  |    0 |     0 |         2 |   0.00 |
| PHY_CONTROL                 |    0 |     0 |         2 |   0.00 |
| PHASER_OUT/PHASER_OUT_PHY   |    0 |     0 |         8 |   0.00 |
| PHASER_IN/PHASER_IN_PHY     |    0 |     0 |         8 |   0.00 |
| IDELAYE2/IDELAYE2_FINEDELAY |    0 |     0 |       100 |   0.00 |
| ODELAYE2/ODELAYE2_FINEDELAY |    0 |     0 |         0 |   0.00 |
| IBUFDS_GTE2                 |    0 |     0 |         0 |   0.00 |
| ILOGIC                      |   29 |    29 |       100 |  29.00 |
|   IFF_Register              |   28 |    28 |           |        |
|   ISERDES                   |    1 |     1 |           |        |
| OLOGIC                      |   24 |    24 |       100 |  24.00 |
|   OUTFF_Register            |    4 |     4 |           |        |
|   OUTFF_ODDR_Register       |   19 |    19 |           |        |
|   OSERDES                   |    1 |     1 |           |        |
+-----------------------------+------+-------+-----------+--------+


6. Clocking
-----------

+--------------+------+-------+-----------+-------+
|   Site Type  | Used | Loced | Available | Util% |
+--------------+------+-------+-----------+-------+
| BUFGCTRL     |    8 |     0 |        32 | 25.00 |
| BUFIO        |    1 |     1 |         8 | 12.50 |
|   BUFIO only |    1 |     1 |           |       |
| MMCME2_ADV   |    0 |     0 |         2 |  0.00 |
| PLLE2_ADV    |    1 |     0 |         2 | 50.00 |
| BUFMRCE      |    0 |     0 |         4 |  0.00 |
| BUFHCE       |    0 |     0 |        48 |  0.00 |
| BUFR         |    1 |     0 |         8 | 12.50 |
+--------------+------+-------+-----------+-------+


7. Specific Feature
-------------------

+-------------+------+-------+-----------+--------+
|  Site Type  | Used | Loced | Available |  Util% |
+-------------+------+-------+-----------+--------+
| BSCANE2     |    0 |     0 |         4 |   0.00 |
| CAPTUREE2   |    0 |     0 |         1 |   0.00 |
| DNA_PORT    |    1 |     1 |         1 | 100.00 |
| EFUSE_USR   |    0 |     0 |         1 |   0.00 |
| FRAME_ECCE2 |    0 |     0 |         1 |   0.00 |
| ICAPE2      |    0 |     0 |         2 |   0.00 |
| STARTUPE2   |    0 |     0 |         1 |   0.00 |
| XADC        |    1 |     1 |         1 | 100.00 |
+-------------+------+-------+-----------+--------+


8. Primitives
-------------

+-------------+------+
|   Ref Name  | Used |
+-------------+------+
| FDRE        | 3592 |
| LUT6        | 1166 |
| LUT2        |  951 |
| LUT4        |  874 |
| LUT5        |  403 |
| CARRY4      |  342 |
| LUT3        |  336 |
| LUT1        |  263 |
| FDSE        |  180 |
| BIBUF       |  130 |
| IBUF        |   54 |
| OBUF        |   33 |
| ZHOLD_DELAY |   28 |
| RAMB36E1    |   28 |
| DSP48E1     |   28 |
| FDCE        |   23 |
| MUXF7       |   20 |
| ODDR        |   19 |
| SRL16E      |   17 |
| LDCE        |   17 |
| OBUFT       |   16 |
| BUFG        |    8 |
| OBUFDS      |    4 |
| IBUFDS      |    3 |
| INV         |    2 |
| XADC        |    1 |
| PS7         |    1 |
| PLLE2_ADV   |    1 |
| OSERDESE2   |    1 |
| MUXF8       |    1 |
| ISERDESE2   |    1 |
| DNA_PORT    |    1 |
| BUFR        |    1 |
| BUFIO       |    1 |
+-------------+------+


9. Black Boxes
--------------

+----------+------+
| Ref Name | Used |
+----------+------+


10. Instantiated Netlists
-------------------------

+----------+------+
| Ref Name | Used |
+----------+------+


